[DB NAME : academelearning_ch]
[DB NAME : amp_com]
[DB NAME : belite_com]
[DB NAME : dpodelcomune_com]
[DB NAME : el_dgvery_com]
[DB NAME : moveit_com]
[DB NAME : progress_dgvery_com]
[DB NAME : sitefinity_com]
[DB NAME : test_el_dgvery_com]
[DB NAME : whatsupgold_com]
